// Jest Snapshot v1, https://goo.gl/fbAQLP

exports[`renders RelatedVideo component 1`] = `
<a
  className="sc-bdfBwQ sc-jSgupP lclvs hkRxCS"
  href="/videoId"
  onClick={[Function]}
>
  <div
    className="sc-gsTCUz eFWHNA"
  >
    <img
      alt="image"
      className="sc-dlfnbm bPhgq"
      src="thumbnails"
    />
    <div
      className="sc-hKgILt hKROct"
    >
      <p
        className="MuiTypography-root sc-eCssSg iHKEao MuiTypography-body1"
      >
        title
      </p>
    </div>
  </div>
</a>
`;
