// Jest Snapshot v1, https://goo.gl/fbAQLP

exports[`renders Mosaic component 1`] = `
Object {
  "asFragment": [Function],
  "baseElement": <body>
    <div>
      <div
        class="sc-gKsewC eNOjXr"
      >
        <div
          class="sc-jSgupP dtZhcH"
        >
          <a
            class="sc-bdfBwQ lclvs"
            href="/videos/nmXMgqjQzls"
          >
            <div
              class="MuiPaper-root MuiCard-root sc-gsTCUz dqPDNH MuiPaper-elevation1 MuiPaper-rounded"
            >
              <button
                class="MuiButtonBase-root MuiCardActionArea-root"
                tabindex="0"
                type="button"
              >
                <div
                  alt-text="Video Tour | Welcome to Wizeline Guadalajara"
                  class="MuiCardMedia-root sc-dlfnbm dXdMTU"
                  style="background-image: url(https://i.ytimg.com/vi/nmXMgqjQzls/hqdefault.jpg);"
                  title="Video Tour | Welcome to Wizeline Guadalajara"
                />
                <div
                  class="MuiCardContent-root"
                >
                  <h2
                    class="MuiTypography-root MuiTypography-h5 MuiTypography-gutterBottom"
                  >
                    Video Tour | Welcome to Wizeline Guadalajara
                  </h2>
                  <p
                    class="MuiTypography-root MuiTypography-body2 MuiTypography-colorTextSecondary"
                  >
                    Follow Hector Padilla, Wizeline Director of Engineering, for a lively tour of our office. In 2018, Wizeline opened its stunning new office in Guadalajara, Jalisco, ...
                  </p>
                </div>
                <span
                  class="MuiCardActionArea-focusHighlight"
                />
                <span
                  class="MuiTouchRipple-root"
                />
              </button>
            </div>
          </a>
        </div>
        <div
          class="sc-jSgupP dtZhcH"
        >
          <a
            class="sc-bdfBwQ lclvs"
            href="/videos/7PtYNO6g7eI"
          >
            <div
              class="MuiPaper-root MuiCard-root sc-gsTCUz dqPDNH MuiPaper-elevation1 MuiPaper-rounded"
            >
              <button
                class="MuiButtonBase-root MuiCardActionArea-root"
                tabindex="0"
                type="button"
              >
                <div
                  alt-text="We Are Wizeline"
                  class="MuiCardMedia-root sc-dlfnbm dXdMTU"
                  style="background-image: url(https://i.ytimg.com/vi/7PtYNO6g7eI/hqdefault.jpg);"
                  title="We Are Wizeline"
                />
                <div
                  class="MuiCardContent-root"
                >
                  <h2
                    class="MuiTypography-root MuiTypography-h5 MuiTypography-gutterBottom"
                  >
                    We Are Wizeline
                  </h2>
                  <p
                    class="MuiTypography-root MuiTypography-body2 MuiTypography-colorTextSecondary"
                  >
                    Engineering a better tomorrow. Wizeline is a global software development company that helps its clients solve their biggest challenges with design and ...
                  </p>
                </div>
                <span
                  class="MuiCardActionArea-focusHighlight"
                />
                <span
                  class="MuiTouchRipple-root"
                />
              </button>
            </div>
          </a>
        </div>
        <div
          class="sc-jSgupP dtZhcH"
        >
          <a
            class="sc-bdfBwQ lclvs"
            href="/videos/RFq7gfvhtCk"
          >
            <div
              class="MuiPaper-root MuiCard-root sc-gsTCUz dqPDNH MuiPaper-elevation1 MuiPaper-rounded"
            >
              <button
                class="MuiButtonBase-root MuiCardActionArea-root"
                tabindex="0"
                type="button"
              >
                <div
                  alt-text="Welcome Back to Wizeline Vietnam | Extended Version"
                  class="MuiCardMedia-root sc-dlfnbm dXdMTU"
                  style="background-image: url(https://i.ytimg.com/vi/RFq7gfvhtCk/hqdefault.jpg);"
                  title="Welcome Back to Wizeline Vietnam | Extended Version"
                />
                <div
                  class="MuiCardContent-root"
                >
                  <h2
                    class="MuiTypography-root MuiTypography-h5 MuiTypography-gutterBottom"
                  >
                    Welcome Back to Wizeline Vietnam | Extended Version
                  </h2>
                  <p
                    class="MuiTypography-root MuiTypography-body2 MuiTypography-colorTextSecondary"
                  >
                    Thanks to swift government action, the COVID-19 situation in Vietnam has reached a point where businesses are able to return to work and reopen offices.
                  </p>
                </div>
                <span
                  class="MuiCardActionArea-focusHighlight"
                />
                <span
                  class="MuiTouchRipple-root"
                />
              </button>
            </div>
          </a>
        </div>
        <div
          class="sc-jSgupP dtZhcH"
        >
          <a
            class="sc-bdfBwQ lclvs"
            href="/videos/HYyRZiwBWc8"
          >
            <div
              class="MuiPaper-root MuiCard-root sc-gsTCUz dqPDNH MuiPaper-elevation1 MuiPaper-rounded"
            >
              <button
                class="MuiButtonBase-root MuiCardActionArea-root"
                tabindex="0"
                type="button"
              >
                <div
                  alt-text="Wizeline Guadalajara | Bringing Silicon Valley to Mexico"
                  class="MuiCardMedia-root sc-dlfnbm dXdMTU"
                  style="background-image: url(https://i.ytimg.com/vi/HYyRZiwBWc8/hqdefault.jpg);"
                  title="Wizeline Guadalajara | Bringing Silicon Valley to Mexico"
                />
                <div
                  class="MuiCardContent-root"
                >
                  <h2
                    class="MuiTypography-root MuiTypography-h5 MuiTypography-gutterBottom"
                  >
                    Wizeline Guadalajara | Bringing Silicon Valley to Mexico
                  </h2>
                  <p
                    class="MuiTypography-root MuiTypography-body2 MuiTypography-colorTextSecondary"
                  >
                    Wizeline continues to offer a Silicon Valley culture in burgeoning innovation hubs like Mexico and Vietnam. In 2018, our Guadalajara team moved into a ...
                  </p>
                </div>
                <span
                  class="MuiCardActionArea-focusHighlight"
                />
                <span
                  class="MuiTouchRipple-root"
                />
              </button>
            </div>
          </a>
        </div>
        <div
          class="sc-jSgupP dtZhcH"
        >
          <a
            class="sc-bdfBwQ lclvs"
            href="/videos/cjO2fJy8asM"
          >
            <div
              class="MuiPaper-root MuiCard-root sc-gsTCUz dqPDNH MuiPaper-elevation1 MuiPaper-rounded"
            >
              <button
                class="MuiButtonBase-root MuiCardActionArea-root"
                tabindex="0"
                type="button"
              >
                <div
                  alt-text="A Day in the Life of an Engineering Manager at Wizeline"
                  class="MuiCardMedia-root sc-dlfnbm dXdMTU"
                  style="background-image: url(https://i.ytimg.com/vi/cjO2fJy8asM/hqdefault.jpg);"
                  title="A Day in the Life of an Engineering Manager at Wizeline"
                />
                <div
                  class="MuiCardContent-root"
                >
                  <h2
                    class="MuiTypography-root MuiTypography-h5 MuiTypography-gutterBottom"
                  >
                    A Day in the Life of an Engineering Manager at Wizeline
                  </h2>
                  <p
                    class="MuiTypography-root MuiTypography-body2 MuiTypography-colorTextSecondary"
                  >
                    Fernando Espinoza shares his experience working as an engineering manager at Wizeline and mentoring other engineers. Learn about Fernando's passions ...
                  </p>
                </div>
                <span
                  class="MuiCardActionArea-focusHighlight"
                />
                <span
                  class="MuiTouchRipple-root"
                />
              </button>
            </div>
          </a>
        </div>
        <div
          class="sc-jSgupP dtZhcH"
        >
          <a
            class="sc-bdfBwQ lclvs"
            href="/videos/24sTHUyWhRM"
          >
            <div
              class="MuiPaper-root MuiCard-root sc-gsTCUz dqPDNH MuiPaper-elevation1 MuiPaper-rounded"
            >
              <button
                class="MuiButtonBase-root MuiCardActionArea-root"
                tabindex="0"
                type="button"
              >
                <div
                  alt-text="[1 of 2] Wizeline CEO shares career lessons from Google"
                  class="MuiCardMedia-root sc-dlfnbm dXdMTU"
                  style="background-image: url(https://i.ytimg.com/vi/24sTHUyWhRM/hqdefault.jpg);"
                  title="[1 of 2] Wizeline CEO shares career lessons from Google"
                />
                <div
                  class="MuiCardContent-root"
                >
                  <h2
                    class="MuiTypography-root MuiTypography-h5 MuiTypography-gutterBottom"
                  >
                    [1 of 2] Wizeline CEO shares career lessons from Google
                  </h2>
                  <p
                    class="MuiTypography-root MuiTypography-body2 MuiTypography-colorTextSecondary"
                  >
                    Founder & CEO Bismarck Lepe on growth opportunities at Wizeline and his career-path experience as an early Google employee. Join our team!
                  </p>
                </div>
                <span
                  class="MuiCardActionArea-focusHighlight"
                />
                <span
                  class="MuiTouchRipple-root"
                />
              </button>
            </div>
          </a>
        </div>
        <div
          class="sc-jSgupP dtZhcH"
        >
          <a
            class="sc-bdfBwQ lclvs"
            href="/videos/Hm3wVzcHjnE"
          >
            <div
              class="MuiPaper-root MuiCard-root sc-gsTCUz dqPDNH MuiPaper-elevation1 MuiPaper-rounded"
            >
              <button
                class="MuiButtonBase-root MuiCardActionArea-root"
                tabindex="0"
                type="button"
              >
                <div
                  alt-text="Humans of Wizeline | Alonso Donath - Multimedia Producer"
                  class="MuiCardMedia-root sc-dlfnbm dXdMTU"
                  style="background-image: url(https://i.ytimg.com/vi/Hm3wVzcHjnE/hqdefault.jpg);"
                  title="Humans of Wizeline | Alonso Donath - Multimedia Producer"
                />
                <div
                  class="MuiCardContent-root"
                >
                  <h2
                    class="MuiTypography-root MuiTypography-h5 MuiTypography-gutterBottom"
                  >
                    Humans of Wizeline | Alonso Donath - Multimedia Producer
                  </h2>
                  <p
                    class="MuiTypography-root MuiTypography-body2 MuiTypography-colorTextSecondary"
                  >
                    Meet Alonso Donath, Multimedia Producer at Wizeline. He joined us in 2016 and has been building the company's video brand ever since. When he's not ...
                  </p>
                </div>
                <span
                  class="MuiCardActionArea-focusHighlight"
                />
                <span
                  class="MuiTouchRipple-root"
                />
              </button>
            </div>
          </a>
        </div>
        <div
          class="sc-jSgupP dtZhcH"
        >
          <a
            class="sc-bdfBwQ lclvs"
            href="/videos/r6sXaNXNKr4"
          >
            <div
              class="MuiPaper-root MuiCard-root sc-gsTCUz dqPDNH MuiPaper-elevation1 MuiPaper-rounded"
            >
              <button
                class="MuiButtonBase-root MuiCardActionArea-root"
                tabindex="0"
                type="button"
              >
                <div
                  alt-text="Daniela Perez | Women in Leadership at Wizeline"
                  class="MuiCardMedia-root sc-dlfnbm dXdMTU"
                  style="background-image: url(https://i.ytimg.com/vi/r6sXaNXNKr4/hqdefault.jpg);"
                  title="Daniela Perez | Women in Leadership at Wizeline"
                />
                <div
                  class="MuiCardContent-root"
                >
                  <h2
                    class="MuiTypography-root MuiTypography-h5 MuiTypography-gutterBottom"
                  >
                    Daniela Perez | Women in Leadership at Wizeline
                  </h2>
                  <p
                    class="MuiTypography-root MuiTypography-body2 MuiTypography-colorTextSecondary"
                  >
                    Daniela had a different idea of software while she was in college but later realized that it involves lots of adapting and decision making. Watch Daniela discuss ...
                  </p>
                </div>
                <span
                  class="MuiCardActionArea-focusHighlight"
                />
                <span
                  class="MuiTouchRipple-root"
                />
              </button>
            </div>
          </a>
        </div>
        <div
          class="sc-jSgupP dtZhcH"
        >
          <a
            class="sc-bdfBwQ lclvs"
            href="/videos/w-Qwc_XJrWc"
          >
            <div
              class="MuiPaper-root MuiCard-root sc-gsTCUz dqPDNH MuiPaper-elevation1 MuiPaper-rounded"
            >
              <button
                class="MuiButtonBase-root MuiCardActionArea-root"
                tabindex="0"
                type="button"
              >
                <div
                  alt-text="Wizeline&#39;s 2020 Year in Review"
                  class="MuiCardMedia-root sc-dlfnbm dXdMTU"
                  style="background-image: url(https://i.ytimg.com/vi/w-Qwc_XJrWc/hqdefault.jpg);"
                  title="Wizeline&#39;s 2020 Year in Review"
                />
                <div
                  class="MuiCardContent-root"
                >
                  <h2
                    class="MuiTypography-root MuiTypography-h5 MuiTypography-gutterBottom"
                  >
                    Wizeline&#39;s 2020 Year in Review
                  </h2>
                  <p
                    class="MuiTypography-root MuiTypography-body2 MuiTypography-colorTextSecondary"
                  >
                    There's no doubt that 2020 has been an unprecedented year. However, amidst all the chaos, we achieved remarkable growth in various areas of our business.
                  </p>
                </div>
                <span
                  class="MuiCardActionArea-focusHighlight"
                />
                <span
                  class="MuiTouchRipple-root"
                />
              </button>
            </div>
          </a>
        </div>
        <div
          class="sc-jSgupP dtZhcH"
        >
          <a
            class="sc-bdfBwQ lclvs"
            href="/videos/E1Vq_A3WKK8"
          >
            <div
              class="MuiPaper-root MuiCard-root sc-gsTCUz dqPDNH MuiPaper-elevation1 MuiPaper-rounded"
            >
              <button
                class="MuiButtonBase-root MuiCardActionArea-root"
                tabindex="0"
                type="button"
              >
                <div
                  alt-text="How does Wizeline work?"
                  class="MuiCardMedia-root sc-dlfnbm dXdMTU"
                  style="background-image: url(https://i.ytimg.com/vi/E1Vq_A3WKK8/hqdefault.jpg);"
                  title="How does Wizeline work?"
                />
                <div
                  class="MuiCardContent-root"
                >
                  <h2
                    class="MuiTypography-root MuiTypography-h5 MuiTypography-gutterBottom"
                  >
                    How does Wizeline work?
                  </h2>
                  <p
                    class="MuiTypography-root MuiTypography-body2 MuiTypography-colorTextSecondary"
                  >
                    Wizeline builds teams with a mix of technical and non-technical talent to deliver better products, faster. Learn more about our consulting services: ...
                  </p>
                </div>
                <span
                  class="MuiCardActionArea-focusHighlight"
                />
                <span
                  class="MuiTouchRipple-root"
                />
              </button>
            </div>
          </a>
        </div>
        <div
          class="sc-jSgupP dtZhcH"
        >
          <a
            class="sc-bdfBwQ lclvs"
            href="/videos/F7C_oz_ZcrM"
          >
            <div
              class="MuiPaper-root MuiCard-root sc-gsTCUz dqPDNH MuiPaper-elevation1 MuiPaper-rounded"
            >
              <button
                class="MuiButtonBase-root MuiCardActionArea-root"
                tabindex="0"
                type="button"
              >
                <div
                  alt-text="Welcome to Wizeline Academy"
                  class="MuiCardMedia-root sc-dlfnbm dXdMTU"
                  style="background-image: url(https://i.ytimg.com/vi/F7C_oz_ZcrM/hqdefault.jpg);"
                  title="Welcome to Wizeline Academy"
                />
                <div
                  class="MuiCardContent-root"
                >
                  <h2
                    class="MuiTypography-root MuiTypography-h5 MuiTypography-gutterBottom"
                  >
                    Welcome to Wizeline Academy
                  </h2>
                  <p
                    class="MuiTypography-root MuiTypography-body2 MuiTypography-colorTextSecondary"
                  >
                    Wizeline Academy offers free courses on today's most valuable tech skills.
                  </p>
                </div>
                <span
                  class="MuiCardActionArea-focusHighlight"
                />
                <span
                  class="MuiTouchRipple-root"
                />
              </button>
            </div>
          </a>
        </div>
        <div
          class="sc-jSgupP dtZhcH"
        >
          <a
            class="sc-bdfBwQ lclvs"
            href="/videos/elEAnqU8KuY"
          >
            <div
              class="MuiPaper-root MuiCard-root sc-gsTCUz dqPDNH MuiPaper-elevation1 MuiPaper-rounded"
            >
              <button
                class="MuiButtonBase-root MuiCardActionArea-root"
                tabindex="0"
                type="button"
              >
                <div
                  alt-text="Build your Future with Wizeline&#39;s Apprenticeship Programs"
                  class="MuiCardMedia-root sc-dlfnbm dXdMTU"
                  style="background-image: url(https://i.ytimg.com/vi/elEAnqU8KuY/hqdefault.jpg);"
                  title="Build your Future with Wizeline&#39;s Apprenticeship Programs"
                />
                <div
                  class="MuiCardContent-root"
                >
                  <h2
                    class="MuiTypography-root MuiTypography-h5 MuiTypography-gutterBottom"
                  >
                    Build your Future with Wizeline&#39;s Apprenticeship Programs
                  </h2>
                  <p
                    class="MuiTypography-root MuiTypography-body2 MuiTypography-colorTextSecondary"
                  >
                    We believe that tech education has the power to change anyone's future. Wizeline Academy runs apprenticeship programs that are based on a ...
                  </p>
                </div>
                <span
                  class="MuiCardActionArea-focusHighlight"
                />
                <span
                  class="MuiTouchRipple-root"
                />
              </button>
            </div>
          </a>
        </div>
        <div
          class="sc-jSgupP dtZhcH"
        >
          <a
            class="sc-bdfBwQ lclvs"
            href="/videos/AKVD4O1KFyI"
          >
            <div
              class="MuiPaper-root MuiCard-root sc-gsTCUz dqPDNH MuiPaper-elevation1 MuiPaper-rounded"
            >
              <button
                class="MuiButtonBase-root MuiCardActionArea-root"
                tabindex="0"
                type="button"
              >
                <div
                  alt-text="Wizeline Data Engineering featuring Said Montiel"
                  class="MuiCardMedia-root sc-dlfnbm dXdMTU"
                  style="background-image: url(https://i.ytimg.com/vi/AKVD4O1KFyI/hqdefault.jpg);"
                  title="Wizeline Data Engineering featuring Said Montiel"
                />
                <div
                  class="MuiCardContent-root"
                >
                  <h2
                    class="MuiTypography-root MuiTypography-h5 MuiTypography-gutterBottom"
                  >
                    Wizeline Data Engineering featuring Said Montiel
                  </h2>
                  <p
                    class="MuiTypography-root MuiTypography-body2 MuiTypography-colorTextSecondary"
                  >
                    As a kid, Said enjoyed solving math problems a lot but never considered a career in math. After studying Actuarial Science and working on data science projects ...
                  </p>
                </div>
                <span
                  class="MuiCardActionArea-focusHighlight"
                />
                <span
                  class="MuiTouchRipple-root"
                />
              </button>
            </div>
          </a>
        </div>
        <div
          class="sc-jSgupP dtZhcH"
        >
          <a
            class="sc-bdfBwQ lclvs"
            href="/videos/Po3VwR_NNGk"
          >
            <div
              class="MuiPaper-root MuiCard-root sc-gsTCUz dqPDNH MuiPaper-elevation1 MuiPaper-rounded"
            >
              <button
                class="MuiButtonBase-root MuiCardActionArea-root"
                tabindex="0"
                type="button"
              >
                <div
                  alt-text="Wizeline hace sentir a empleados como en casa"
                  class="MuiCardMedia-root sc-dlfnbm dXdMTU"
                  style="background-image: url(https://i.ytimg.com/vi/Po3VwR_NNGk/hqdefault.jpg);"
                  title="Wizeline hace sentir a empleados como en casa"
                />
                <div
                  class="MuiCardContent-root"
                >
                  <h2
                    class="MuiTypography-root MuiTypography-h5 MuiTypography-gutterBottom"
                  >
                    Wizeline hace sentir a empleados como en casa
                  </h2>
                  <p
                    class="MuiTypography-root MuiTypography-body2 MuiTypography-colorTextSecondary"
                  >
                    En el 2014, Bismarck fundó Wizeline, compañía tecnológica que trabaja con los corporativos ofreciendo una plataforma para que desarrollen software de forma ...
                  </p>
                </div>
                <span
                  class="MuiCardActionArea-focusHighlight"
                />
                <span
                  class="MuiTouchRipple-root"
                />
              </button>
            </div>
          </a>
        </div>
        <div
          class="sc-jSgupP dtZhcH"
        >
          <a
            class="sc-bdfBwQ lclvs"
            href="/videos/Nss3EmTDD3s"
          >
            <div
              class="MuiPaper-root MuiCard-root sc-gsTCUz dqPDNH MuiPaper-elevation1 MuiPaper-rounded"
            >
              <button
                class="MuiButtonBase-root MuiCardActionArea-root"
                tabindex="0"
                type="button"
              >
                <div
                  alt-text="Why Wizeline?"
                  class="MuiCardMedia-root sc-dlfnbm dXdMTU"
                  style="background-image: url(https://i.ytimg.com/vi/Nss3EmTDD3s/hqdefault.jpg);"
                  title="Why Wizeline?"
                />
                <div
                  class="MuiCardContent-root"
                >
                  <h2
                    class="MuiTypography-root MuiTypography-h5 MuiTypography-gutterBottom"
                  >
                    Why Wizeline?
                  </h2>
                  <p
                    class="MuiTypography-root MuiTypography-body2 MuiTypography-colorTextSecondary"
                  >
                    Hear from our employees directly about what excites them about their roles here at Wizeline. Wizeline wants to hire the best and the brightest to accelerate their ...
                  </p>
                </div>
                <span
                  class="MuiCardActionArea-focusHighlight"
                />
                <span
                  class="MuiTouchRipple-root"
                />
              </button>
            </div>
          </a>
        </div>
        <div
          class="sc-jSgupP dtZhcH"
        >
          <a
            class="sc-bdfBwQ lclvs"
            href="/videos/F6Krwu6lUc8"
          >
            <div
              class="MuiPaper-root MuiCard-root sc-gsTCUz dqPDNH MuiPaper-elevation1 MuiPaper-rounded"
            >
              <button
                class="MuiButtonBase-root MuiCardActionArea-root"
                tabindex="0"
                type="button"
              >
                <div
                  alt-text="Miriam Godinez | Women in Leadership at Wizeline"
                  class="MuiCardMedia-root sc-dlfnbm dXdMTU"
                  style="background-image: url(https://i.ytimg.com/vi/F6Krwu6lUc8/hqdefault.jpg);"
                  title="Miriam Godinez | Women in Leadership at Wizeline"
                />
                <div
                  class="MuiCardContent-root"
                >
                  <h2
                    class="MuiTypography-root MuiTypography-h5 MuiTypography-gutterBottom"
                  >
                    Miriam Godinez | Women in Leadership at Wizeline
                  </h2>
                  <p
                    class="MuiTypography-root MuiTypography-body2 MuiTypography-colorTextSecondary"
                  >
                    Science and technology always caught Miriam's attention. One of her ultimate goals as a Senior Engineer Manager and Lead from the Mobile Team at Wizeline ...
                  </p>
                </div>
                <span
                  class="MuiCardActionArea-focusHighlight"
                />
                <span
                  class="MuiTouchRipple-root"
                />
              </button>
            </div>
          </a>
        </div>
        <div
          class="sc-jSgupP dtZhcH"
        >
          <a
            class="sc-bdfBwQ lclvs"
            href="/videos/8xCVIhEircY"
          >
            <div
              class="MuiPaper-root MuiCard-root sc-gsTCUz dqPDNH MuiPaper-elevation1 MuiPaper-rounded"
            >
              <button
                class="MuiButtonBase-root MuiCardActionArea-root"
                tabindex="0"
                type="button"
              >
                <div
                  alt-text="Welcome to Wizeline"
                  class="MuiCardMedia-root sc-dlfnbm dXdMTU"
                  style="background-image: url(https://i.ytimg.com/vi/8xCVIhEircY/hqdefault.jpg);"
                  title="Welcome to Wizeline"
                />
                <div
                  class="MuiCardContent-root"
                >
                  <h2
                    class="MuiTypography-root MuiTypography-h5 MuiTypography-gutterBottom"
                  >
                    Welcome to Wizeline
                  </h2>
                  <p
                    class="MuiTypography-root MuiTypography-body2 MuiTypography-colorTextSecondary"
                  >
                    Watch a quick overview of Wizeline's product management platform. Don't have an account? Sign up for free at wizeline.com.
                  </p>
                </div>
                <span
                  class="MuiCardActionArea-focusHighlight"
                />
                <span
                  class="MuiTouchRipple-root"
                />
              </button>
            </div>
          </a>
        </div>
        <div
          class="sc-jSgupP dtZhcH"
        >
          <a
            class="sc-bdfBwQ lclvs"
            href="/videos/qMZKfR7lo-g"
          >
            <div
              class="MuiPaper-root MuiCard-root sc-gsTCUz dqPDNH MuiPaper-elevation1 MuiPaper-rounded"
            >
              <button
                class="MuiButtonBase-root MuiCardActionArea-root"
                tabindex="0"
                type="button"
              >
                <div
                  alt-text="Wizeline Go-To-Market Strategy | Julián Limón, Director of Solutions"
                  class="MuiCardMedia-root sc-dlfnbm dXdMTU"
                  style="background-image: url(https://i.ytimg.com/vi/qMZKfR7lo-g/hqdefault.jpg);"
                  title="Wizeline Go-To-Market Strategy | Julián Limón, Director of Solutions"
                />
                <div
                  class="MuiCardContent-root"
                >
                  <h2
                    class="MuiTypography-root MuiTypography-h5 MuiTypography-gutterBottom"
                  >
                    Wizeline Go-To-Market Strategy | Julián Limón, Director of Solutions
                  </h2>
                  <p
                    class="MuiTypography-root MuiTypography-body2 MuiTypography-colorTextSecondary"
                  >
                    Director of Solutions, Julián Limón, shares how Wizeline helps its clients design and build technology solutions to help them achieve their business goals.
                  </p>
                </div>
                <span
                  class="MuiCardActionArea-focusHighlight"
                />
                <span
                  class="MuiTouchRipple-root"
                />
              </button>
            </div>
          </a>
        </div>
        <div
          class="sc-jSgupP dtZhcH"
        >
          <a
            class="sc-bdfBwQ lclvs"
            href="/videos/sTRabh7aVJY"
          >
            <div
              class="MuiPaper-root MuiCard-root sc-gsTCUz dqPDNH MuiPaper-elevation1 MuiPaper-rounded"
            >
              <button
                class="MuiButtonBase-root MuiCardActionArea-root"
                tabindex="0"
                type="button"
              >
                <div
                  alt-text="Introducing the Alexa WizeBank by Wizeline"
                  class="MuiCardMedia-root sc-dlfnbm dXdMTU"
                  style="background-image: url(https://i.ytimg.com/vi/sTRabh7aVJY/hqdefault.jpg);"
                  title="Introducing the Alexa WizeBank by Wizeline"
                />
                <div
                  class="MuiCardContent-root"
                >
                  <h2
                    class="MuiTypography-root MuiTypography-h5 MuiTypography-gutterBottom"
                  >
                    Introducing the Alexa WizeBank by Wizeline
                  </h2>
                  <p
                    class="MuiTypography-root MuiTypography-body2 MuiTypography-colorTextSecondary"
                  >
                    Introducing WizeBank, the latest Alexa skill from the Wizeline chatbots team. Interested in a demo? Contact us at https://www.wizeline.com/get-demo to schedule ...
                  </p>
                </div>
                <span
                  class="MuiCardActionArea-focusHighlight"
                />
                <span
                  class="MuiTouchRipple-root"
                />
              </button>
            </div>
          </a>
        </div>
        <div
          class="sc-jSgupP dtZhcH"
        >
          <a
            class="sc-bdfBwQ lclvs"
            href="/videos/vDkN9S0Vkg8"
          >
            <div
              class="MuiPaper-root MuiCard-root sc-gsTCUz dqPDNH MuiPaper-elevation1 MuiPaper-rounded"
            >
              <button
                class="MuiButtonBase-root MuiCardActionArea-root"
                tabindex="0"
                type="button"
              >
                <div
                  alt-text="Wizeline Data Engineering featuring Rodrigo Chaparro"
                  class="MuiCardMedia-root sc-dlfnbm dXdMTU"
                  style="background-image: url(https://i.ytimg.com/vi/vDkN9S0Vkg8/hqdefault.jpg);"
                  title="Wizeline Data Engineering featuring Rodrigo Chaparro"
                />
                <div
                  class="MuiCardContent-root"
                >
                  <h2
                    class="MuiTypography-root MuiTypography-h5 MuiTypography-gutterBottom"
                  >
                    Wizeline Data Engineering featuring Rodrigo Chaparro
                  </h2>
                  <p
                    class="MuiTypography-root MuiTypography-body2 MuiTypography-colorTextSecondary"
                  >
                    Meet Rodrigo Chaparro, Senior Data Engineer, and learn what's it like to work with big data and infrastructure at Wizeline. Want to join our Data team? We're ...
                  </p>
                </div>
                <span
                  class="MuiCardActionArea-focusHighlight"
                />
                <span
                  class="MuiTouchRipple-root"
                />
              </button>
            </div>
          </a>
        </div>
        <div
          class="sc-jSgupP dtZhcH"
        >
          <a
            class="sc-bdfBwQ lclvs"
            href="/videos/0qGd0F9eCMo"
          >
            <div
              class="MuiPaper-root MuiCard-root sc-gsTCUz dqPDNH MuiPaper-elevation1 MuiPaper-rounded"
            >
              <button
                class="MuiButtonBase-root MuiCardActionArea-root"
                tabindex="0"
                type="button"
              >
                <div
                  alt-text="Elba Ornelas | Women in Leadership at Wizeline"
                  class="MuiCardMedia-root sc-dlfnbm dXdMTU"
                  style="background-image: url(https://i.ytimg.com/vi/0qGd0F9eCMo/hqdefault.jpg);"
                  title="Elba Ornelas | Women in Leadership at Wizeline"
                />
                <div
                  class="MuiCardContent-root"
                >
                  <h2
                    class="MuiTypography-root MuiTypography-h5 MuiTypography-gutterBottom"
                  >
                    Elba Ornelas | Women in Leadership at Wizeline
                  </h2>
                  <p
                    class="MuiTypography-root MuiTypography-body2 MuiTypography-colorTextSecondary"
                  >
                    Elba dreamed of being an astronaut and race car driver as a kid. She learned industrial design and is now a celebrated UX designer, product owner, and leader ...
                  </p>
                </div>
                <span
                  class="MuiCardActionArea-focusHighlight"
                />
                <span
                  class="MuiTouchRipple-root"
                />
              </button>
            </div>
          </a>
        </div>
        <div
          class="sc-jSgupP dtZhcH"
        >
          <a
            class="sc-bdfBwQ lclvs"
            href="/videos/IxGc1gSqB3A"
          >
            <div
              class="MuiPaper-root MuiCard-root sc-gsTCUz dqPDNH MuiPaper-elevation1 MuiPaper-rounded"
            >
              <button
                class="MuiButtonBase-root MuiCardActionArea-root"
                tabindex="0"
                type="button"
              >
                <div
                  alt-text="Wizeline Data Engineering featuring Tania Reyes"
                  class="MuiCardMedia-root sc-dlfnbm dXdMTU"
                  style="background-image: url(https://i.ytimg.com/vi/IxGc1gSqB3A/hqdefault.jpg);"
                  title="Wizeline Data Engineering featuring Tania Reyes"
                />
                <div
                  class="MuiCardContent-root"
                >
                  <h2
                    class="MuiTypography-root MuiTypography-h5 MuiTypography-gutterBottom"
                  >
                    Wizeline Data Engineering featuring Tania Reyes
                  </h2>
                  <p
                    class="MuiTypography-root MuiTypography-body2 MuiTypography-colorTextSecondary"
                  >
                    Tania discovered her interest in Big Data while working at Wizeline and took Wizeline Academy courses to skill up and join the data team. Now, she works on ...
                  </p>
                </div>
                <span
                  class="MuiCardActionArea-focusHighlight"
                />
                <span
                  class="MuiTouchRipple-root"
                />
              </button>
            </div>
          </a>
        </div>
        <div
          class="sc-jSgupP dtZhcH"
        >
          <a
            class="sc-bdfBwQ lclvs"
            href="/videos/ZmkslANDz0Q"
          >
            <div
              class="MuiPaper-root MuiCard-root sc-gsTCUz dqPDNH MuiPaper-elevation1 MuiPaper-rounded"
            >
              <button
                class="MuiButtonBase-root MuiCardActionArea-root"
                tabindex="0"
                type="button"
              >
                <div
                  alt-text="12 Wishes from Wizeline | Happy Holidays 2019"
                  class="MuiCardMedia-root sc-dlfnbm dXdMTU"
                  style="background-image: url(https://i.ytimg.com/vi/ZmkslANDz0Q/hqdefault.jpg);"
                  title="12 Wishes from Wizeline | Happy Holidays 2019"
                />
                <div
                  class="MuiCardContent-root"
                >
                  <h2
                    class="MuiTypography-root MuiTypography-h5 MuiTypography-gutterBottom"
                  >
                    12 Wishes from Wizeline | Happy Holidays 2019
                  </h2>
                  <p
                    class="MuiTypography-root MuiTypography-body2 MuiTypography-colorTextSecondary"
                  />
                </div>
                <span
                  class="MuiCardActionArea-focusHighlight"
                />
                <span
                  class="MuiTouchRipple-root"
                />
              </button>
            </div>
          </a>
        </div>
        <div
          class="sc-jSgupP dtZhcH"
        >
          <a
            class="sc-bdfBwQ lclvs"
            href="/videos/KEtTSRaHnNc"
          >
            <div
              class="MuiPaper-root MuiCard-root sc-gsTCUz dqPDNH MuiPaper-elevation1 MuiPaper-rounded"
            >
              <button
                class="MuiButtonBase-root MuiCardActionArea-root"
                tabindex="0"
                type="button"
              >
                <div
                  alt-text="Marsia Quiroz | Women in Leadership at Wizeline"
                  class="MuiCardMedia-root sc-dlfnbm dXdMTU"
                  style="background-image: url(https://i.ytimg.com/vi/KEtTSRaHnNc/hqdefault.jpg);"
                  title="Marsia Quiroz | Women in Leadership at Wizeline"
                />
                <div
                  class="MuiCardContent-root"
                >
                  <h2
                    class="MuiTypography-root MuiTypography-h5 MuiTypography-gutterBottom"
                  >
                    Marsia Quiroz | Women in Leadership at Wizeline
                  </h2>
                  <p
                    class="MuiTypography-root MuiTypography-body2 MuiTypography-colorTextSecondary"
                  >
                    Ever since she was young, Marsia wanted to be an engineer. She's living her dream at Wizeline and wants other women and young girls to have the same ...
                  </p>
                </div>
                <span
                  class="MuiCardActionArea-focusHighlight"
                />
                <span
                  class="MuiTouchRipple-root"
                />
              </button>
            </div>
          </a>
        </div>
        <div
          class="sc-jSgupP dtZhcH"
        >
          <a
            class="sc-bdfBwQ lclvs"
            href="/videos/ewdMCaaqV_o"
          >
            <div
              class="MuiPaper-root MuiCard-root sc-gsTCUz dqPDNH MuiPaper-elevation1 MuiPaper-rounded"
            >
              <button
                class="MuiButtonBase-root MuiCardActionArea-root"
                tabindex="0"
                type="button"
              >
                <div
                  alt-text="Wizeline Go-To-Market Strategy | Erik Villa, Senior Staff Engineer &amp; Tech Lead"
                  class="MuiCardMedia-root sc-dlfnbm dXdMTU"
                  style="background-image: url(https://i.ytimg.com/vi/ewdMCaaqV_o/hqdefault.jpg);"
                  title="Wizeline Go-To-Market Strategy | Erik Villa, Senior Staff Engineer &amp; Tech Lead"
                />
                <div
                  class="MuiCardContent-root"
                >
                  <h2
                    class="MuiTypography-root MuiTypography-h5 MuiTypography-gutterBottom"
                  >
                    Wizeline Go-To-Market Strategy | Erik Villa, Senior Staff Engineer &amp; Tech Lead
                  </h2>
                  <p
                    class="MuiTypography-root MuiTypography-body2 MuiTypography-colorTextSecondary"
                  >
                    Senior Staff Engineer, Erik Villa, shares Wizeline's approach to prototypes, proof-of-concept, and general go-to-market strategy for a client project. Watch this ...
                  </p>
                </div>
                <span
                  class="MuiCardActionArea-focusHighlight"
                />
                <span
                  class="MuiTouchRipple-root"
                />
              </button>
            </div>
          </a>
        </div>
      </div>
    </div>
  </body>,
  "container": <div>
    <div
      class="sc-gKsewC eNOjXr"
    >
      <div
        class="sc-jSgupP dtZhcH"
      >
        <a
          class="sc-bdfBwQ lclvs"
          href="/videos/nmXMgqjQzls"
        >
          <div
            class="MuiPaper-root MuiCard-root sc-gsTCUz dqPDNH MuiPaper-elevation1 MuiPaper-rounded"
          >
            <button
              class="MuiButtonBase-root MuiCardActionArea-root"
              tabindex="0"
              type="button"
            >
              <div
                alt-text="Video Tour | Welcome to Wizeline Guadalajara"
                class="MuiCardMedia-root sc-dlfnbm dXdMTU"
                style="background-image: url(https://i.ytimg.com/vi/nmXMgqjQzls/hqdefault.jpg);"
                title="Video Tour | Welcome to Wizeline Guadalajara"
              />
              <div
                class="MuiCardContent-root"
              >
                <h2
                  class="MuiTypography-root MuiTypography-h5 MuiTypography-gutterBottom"
                >
                  Video Tour | Welcome to Wizeline Guadalajara
                </h2>
                <p
                  class="MuiTypography-root MuiTypography-body2 MuiTypography-colorTextSecondary"
                >
                  Follow Hector Padilla, Wizeline Director of Engineering, for a lively tour of our office. In 2018, Wizeline opened its stunning new office in Guadalajara, Jalisco, ...
                </p>
              </div>
              <span
                class="MuiCardActionArea-focusHighlight"
              />
              <span
                class="MuiTouchRipple-root"
              />
            </button>
          </div>
        </a>
      </div>
      <div
        class="sc-jSgupP dtZhcH"
      >
        <a
          class="sc-bdfBwQ lclvs"
          href="/videos/7PtYNO6g7eI"
        >
          <div
            class="MuiPaper-root MuiCard-root sc-gsTCUz dqPDNH MuiPaper-elevation1 MuiPaper-rounded"
          >
            <button
              class="MuiButtonBase-root MuiCardActionArea-root"
              tabindex="0"
              type="button"
            >
              <div
                alt-text="We Are Wizeline"
                class="MuiCardMedia-root sc-dlfnbm dXdMTU"
                style="background-image: url(https://i.ytimg.com/vi/7PtYNO6g7eI/hqdefault.jpg);"
                title="We Are Wizeline"
              />
              <div
                class="MuiCardContent-root"
              >
                <h2
                  class="MuiTypography-root MuiTypography-h5 MuiTypography-gutterBottom"
                >
                  We Are Wizeline
                </h2>
                <p
                  class="MuiTypography-root MuiTypography-body2 MuiTypography-colorTextSecondary"
                >
                  Engineering a better tomorrow. Wizeline is a global software development company that helps its clients solve their biggest challenges with design and ...
                </p>
              </div>
              <span
                class="MuiCardActionArea-focusHighlight"
              />
              <span
                class="MuiTouchRipple-root"
              />
            </button>
          </div>
        </a>
      </div>
      <div
        class="sc-jSgupP dtZhcH"
      >
        <a
          class="sc-bdfBwQ lclvs"
          href="/videos/RFq7gfvhtCk"
        >
          <div
            class="MuiPaper-root MuiCard-root sc-gsTCUz dqPDNH MuiPaper-elevation1 MuiPaper-rounded"
          >
            <button
              class="MuiButtonBase-root MuiCardActionArea-root"
              tabindex="0"
              type="button"
            >
              <div
                alt-text="Welcome Back to Wizeline Vietnam | Extended Version"
                class="MuiCardMedia-root sc-dlfnbm dXdMTU"
                style="background-image: url(https://i.ytimg.com/vi/RFq7gfvhtCk/hqdefault.jpg);"
                title="Welcome Back to Wizeline Vietnam | Extended Version"
              />
              <div
                class="MuiCardContent-root"
              >
                <h2
                  class="MuiTypography-root MuiTypography-h5 MuiTypography-gutterBottom"
                >
                  Welcome Back to Wizeline Vietnam | Extended Version
                </h2>
                <p
                  class="MuiTypography-root MuiTypography-body2 MuiTypography-colorTextSecondary"
                >
                  Thanks to swift government action, the COVID-19 situation in Vietnam has reached a point where businesses are able to return to work and reopen offices.
                </p>
              </div>
              <span
                class="MuiCardActionArea-focusHighlight"
              />
              <span
                class="MuiTouchRipple-root"
              />
            </button>
          </div>
        </a>
      </div>
      <div
        class="sc-jSgupP dtZhcH"
      >
        <a
          class="sc-bdfBwQ lclvs"
          href="/videos/HYyRZiwBWc8"
        >
          <div
            class="MuiPaper-root MuiCard-root sc-gsTCUz dqPDNH MuiPaper-elevation1 MuiPaper-rounded"
          >
            <button
              class="MuiButtonBase-root MuiCardActionArea-root"
              tabindex="0"
              type="button"
            >
              <div
                alt-text="Wizeline Guadalajara | Bringing Silicon Valley to Mexico"
                class="MuiCardMedia-root sc-dlfnbm dXdMTU"
                style="background-image: url(https://i.ytimg.com/vi/HYyRZiwBWc8/hqdefault.jpg);"
                title="Wizeline Guadalajara | Bringing Silicon Valley to Mexico"
              />
              <div
                class="MuiCardContent-root"
              >
                <h2
                  class="MuiTypography-root MuiTypography-h5 MuiTypography-gutterBottom"
                >
                  Wizeline Guadalajara | Bringing Silicon Valley to Mexico
                </h2>
                <p
                  class="MuiTypography-root MuiTypography-body2 MuiTypography-colorTextSecondary"
                >
                  Wizeline continues to offer a Silicon Valley culture in burgeoning innovation hubs like Mexico and Vietnam. In 2018, our Guadalajara team moved into a ...
                </p>
              </div>
              <span
                class="MuiCardActionArea-focusHighlight"
              />
              <span
                class="MuiTouchRipple-root"
              />
            </button>
          </div>
        </a>
      </div>
      <div
        class="sc-jSgupP dtZhcH"
      >
        <a
          class="sc-bdfBwQ lclvs"
          href="/videos/cjO2fJy8asM"
        >
          <div
            class="MuiPaper-root MuiCard-root sc-gsTCUz dqPDNH MuiPaper-elevation1 MuiPaper-rounded"
          >
            <button
              class="MuiButtonBase-root MuiCardActionArea-root"
              tabindex="0"
              type="button"
            >
              <div
                alt-text="A Day in the Life of an Engineering Manager at Wizeline"
                class="MuiCardMedia-root sc-dlfnbm dXdMTU"
                style="background-image: url(https://i.ytimg.com/vi/cjO2fJy8asM/hqdefault.jpg);"
                title="A Day in the Life of an Engineering Manager at Wizeline"
              />
              <div
                class="MuiCardContent-root"
              >
                <h2
                  class="MuiTypography-root MuiTypography-h5 MuiTypography-gutterBottom"
                >
                  A Day in the Life of an Engineering Manager at Wizeline
                </h2>
                <p
                  class="MuiTypography-root MuiTypography-body2 MuiTypography-colorTextSecondary"
                >
                  Fernando Espinoza shares his experience working as an engineering manager at Wizeline and mentoring other engineers. Learn about Fernando's passions ...
                </p>
              </div>
              <span
                class="MuiCardActionArea-focusHighlight"
              />
              <span
                class="MuiTouchRipple-root"
              />
            </button>
          </div>
        </a>
      </div>
      <div
        class="sc-jSgupP dtZhcH"
      >
        <a
          class="sc-bdfBwQ lclvs"
          href="/videos/24sTHUyWhRM"
        >
          <div
            class="MuiPaper-root MuiCard-root sc-gsTCUz dqPDNH MuiPaper-elevation1 MuiPaper-rounded"
          >
            <button
              class="MuiButtonBase-root MuiCardActionArea-root"
              tabindex="0"
              type="button"
            >
              <div
                alt-text="[1 of 2] Wizeline CEO shares career lessons from Google"
                class="MuiCardMedia-root sc-dlfnbm dXdMTU"
                style="background-image: url(https://i.ytimg.com/vi/24sTHUyWhRM/hqdefault.jpg);"
                title="[1 of 2] Wizeline CEO shares career lessons from Google"
              />
              <div
                class="MuiCardContent-root"
              >
                <h2
                  class="MuiTypography-root MuiTypography-h5 MuiTypography-gutterBottom"
                >
                  [1 of 2] Wizeline CEO shares career lessons from Google
                </h2>
                <p
                  class="MuiTypography-root MuiTypography-body2 MuiTypography-colorTextSecondary"
                >
                  Founder & CEO Bismarck Lepe on growth opportunities at Wizeline and his career-path experience as an early Google employee. Join our team!
                </p>
              </div>
              <span
                class="MuiCardActionArea-focusHighlight"
              />
              <span
                class="MuiTouchRipple-root"
              />
            </button>
          </div>
        </a>
      </div>
      <div
        class="sc-jSgupP dtZhcH"
      >
        <a
          class="sc-bdfBwQ lclvs"
          href="/videos/Hm3wVzcHjnE"
        >
          <div
            class="MuiPaper-root MuiCard-root sc-gsTCUz dqPDNH MuiPaper-elevation1 MuiPaper-rounded"
          >
            <button
              class="MuiButtonBase-root MuiCardActionArea-root"
              tabindex="0"
              type="button"
            >
              <div
                alt-text="Humans of Wizeline | Alonso Donath - Multimedia Producer"
                class="MuiCardMedia-root sc-dlfnbm dXdMTU"
                style="background-image: url(https://i.ytimg.com/vi/Hm3wVzcHjnE/hqdefault.jpg);"
                title="Humans of Wizeline | Alonso Donath - Multimedia Producer"
              />
              <div
                class="MuiCardContent-root"
              >
                <h2
                  class="MuiTypography-root MuiTypography-h5 MuiTypography-gutterBottom"
                >
                  Humans of Wizeline | Alonso Donath - Multimedia Producer
                </h2>
                <p
                  class="MuiTypography-root MuiTypography-body2 MuiTypography-colorTextSecondary"
                >
                  Meet Alonso Donath, Multimedia Producer at Wizeline. He joined us in 2016 and has been building the company's video brand ever since. When he's not ...
                </p>
              </div>
              <span
                class="MuiCardActionArea-focusHighlight"
              />
              <span
                class="MuiTouchRipple-root"
              />
            </button>
          </div>
        </a>
      </div>
      <div
        class="sc-jSgupP dtZhcH"
      >
        <a
          class="sc-bdfBwQ lclvs"
          href="/videos/r6sXaNXNKr4"
        >
          <div
            class="MuiPaper-root MuiCard-root sc-gsTCUz dqPDNH MuiPaper-elevation1 MuiPaper-rounded"
          >
            <button
              class="MuiButtonBase-root MuiCardActionArea-root"
              tabindex="0"
              type="button"
            >
              <div
                alt-text="Daniela Perez | Women in Leadership at Wizeline"
                class="MuiCardMedia-root sc-dlfnbm dXdMTU"
                style="background-image: url(https://i.ytimg.com/vi/r6sXaNXNKr4/hqdefault.jpg);"
                title="Daniela Perez | Women in Leadership at Wizeline"
              />
              <div
                class="MuiCardContent-root"
              >
                <h2
                  class="MuiTypography-root MuiTypography-h5 MuiTypography-gutterBottom"
                >
                  Daniela Perez | Women in Leadership at Wizeline
                </h2>
                <p
                  class="MuiTypography-root MuiTypography-body2 MuiTypography-colorTextSecondary"
                >
                  Daniela had a different idea of software while she was in college but later realized that it involves lots of adapting and decision making. Watch Daniela discuss ...
                </p>
              </div>
              <span
                class="MuiCardActionArea-focusHighlight"
              />
              <span
                class="MuiTouchRipple-root"
              />
            </button>
          </div>
        </a>
      </div>
      <div
        class="sc-jSgupP dtZhcH"
      >
        <a
          class="sc-bdfBwQ lclvs"
          href="/videos/w-Qwc_XJrWc"
        >
          <div
            class="MuiPaper-root MuiCard-root sc-gsTCUz dqPDNH MuiPaper-elevation1 MuiPaper-rounded"
          >
            <button
              class="MuiButtonBase-root MuiCardActionArea-root"
              tabindex="0"
              type="button"
            >
              <div
                alt-text="Wizeline&#39;s 2020 Year in Review"
                class="MuiCardMedia-root sc-dlfnbm dXdMTU"
                style="background-image: url(https://i.ytimg.com/vi/w-Qwc_XJrWc/hqdefault.jpg);"
                title="Wizeline&#39;s 2020 Year in Review"
              />
              <div
                class="MuiCardContent-root"
              >
                <h2
                  class="MuiTypography-root MuiTypography-h5 MuiTypography-gutterBottom"
                >
                  Wizeline&#39;s 2020 Year in Review
                </h2>
                <p
                  class="MuiTypography-root MuiTypography-body2 MuiTypography-colorTextSecondary"
                >
                  There's no doubt that 2020 has been an unprecedented year. However, amidst all the chaos, we achieved remarkable growth in various areas of our business.
                </p>
              </div>
              <span
                class="MuiCardActionArea-focusHighlight"
              />
              <span
                class="MuiTouchRipple-root"
              />
            </button>
          </div>
        </a>
      </div>
      <div
        class="sc-jSgupP dtZhcH"
      >
        <a
          class="sc-bdfBwQ lclvs"
          href="/videos/E1Vq_A3WKK8"
        >
          <div
            class="MuiPaper-root MuiCard-root sc-gsTCUz dqPDNH MuiPaper-elevation1 MuiPaper-rounded"
          >
            <button
              class="MuiButtonBase-root MuiCardActionArea-root"
              tabindex="0"
              type="button"
            >
              <div
                alt-text="How does Wizeline work?"
                class="MuiCardMedia-root sc-dlfnbm dXdMTU"
                style="background-image: url(https://i.ytimg.com/vi/E1Vq_A3WKK8/hqdefault.jpg);"
                title="How does Wizeline work?"
              />
              <div
                class="MuiCardContent-root"
              >
                <h2
                  class="MuiTypography-root MuiTypography-h5 MuiTypography-gutterBottom"
                >
                  How does Wizeline work?
                </h2>
                <p
                  class="MuiTypography-root MuiTypography-body2 MuiTypography-colorTextSecondary"
                >
                  Wizeline builds teams with a mix of technical and non-technical talent to deliver better products, faster. Learn more about our consulting services: ...
                </p>
              </div>
              <span
                class="MuiCardActionArea-focusHighlight"
              />
              <span
                class="MuiTouchRipple-root"
              />
            </button>
          </div>
        </a>
      </div>
      <div
        class="sc-jSgupP dtZhcH"
      >
        <a
          class="sc-bdfBwQ lclvs"
          href="/videos/F7C_oz_ZcrM"
        >
          <div
            class="MuiPaper-root MuiCard-root sc-gsTCUz dqPDNH MuiPaper-elevation1 MuiPaper-rounded"
          >
            <button
              class="MuiButtonBase-root MuiCardActionArea-root"
              tabindex="0"
              type="button"
            >
              <div
                alt-text="Welcome to Wizeline Academy"
                class="MuiCardMedia-root sc-dlfnbm dXdMTU"
                style="background-image: url(https://i.ytimg.com/vi/F7C_oz_ZcrM/hqdefault.jpg);"
                title="Welcome to Wizeline Academy"
              />
              <div
                class="MuiCardContent-root"
              >
                <h2
                  class="MuiTypography-root MuiTypography-h5 MuiTypography-gutterBottom"
                >
                  Welcome to Wizeline Academy
                </h2>
                <p
                  class="MuiTypography-root MuiTypography-body2 MuiTypography-colorTextSecondary"
                >
                  Wizeline Academy offers free courses on today's most valuable tech skills.
                </p>
              </div>
              <span
                class="MuiCardActionArea-focusHighlight"
              />
              <span
                class="MuiTouchRipple-root"
              />
            </button>
          </div>
        </a>
      </div>
      <div
        class="sc-jSgupP dtZhcH"
      >
        <a
          class="sc-bdfBwQ lclvs"
          href="/videos/elEAnqU8KuY"
        >
          <div
            class="MuiPaper-root MuiCard-root sc-gsTCUz dqPDNH MuiPaper-elevation1 MuiPaper-rounded"
          >
            <button
              class="MuiButtonBase-root MuiCardActionArea-root"
              tabindex="0"
              type="button"
            >
              <div
                alt-text="Build your Future with Wizeline&#39;s Apprenticeship Programs"
                class="MuiCardMedia-root sc-dlfnbm dXdMTU"
                style="background-image: url(https://i.ytimg.com/vi/elEAnqU8KuY/hqdefault.jpg);"
                title="Build your Future with Wizeline&#39;s Apprenticeship Programs"
              />
              <div
                class="MuiCardContent-root"
              >
                <h2
                  class="MuiTypography-root MuiTypography-h5 MuiTypography-gutterBottom"
                >
                  Build your Future with Wizeline&#39;s Apprenticeship Programs
                </h2>
                <p
                  class="MuiTypography-root MuiTypography-body2 MuiTypography-colorTextSecondary"
                >
                  We believe that tech education has the power to change anyone's future. Wizeline Academy runs apprenticeship programs that are based on a ...
                </p>
              </div>
              <span
                class="MuiCardActionArea-focusHighlight"
              />
              <span
                class="MuiTouchRipple-root"
              />
            </button>
          </div>
        </a>
      </div>
      <div
        class="sc-jSgupP dtZhcH"
      >
        <a
          class="sc-bdfBwQ lclvs"
          href="/videos/AKVD4O1KFyI"
        >
          <div
            class="MuiPaper-root MuiCard-root sc-gsTCUz dqPDNH MuiPaper-elevation1 MuiPaper-rounded"
          >
            <button
              class="MuiButtonBase-root MuiCardActionArea-root"
              tabindex="0"
              type="button"
            >
              <div
                alt-text="Wizeline Data Engineering featuring Said Montiel"
                class="MuiCardMedia-root sc-dlfnbm dXdMTU"
                style="background-image: url(https://i.ytimg.com/vi/AKVD4O1KFyI/hqdefault.jpg);"
                title="Wizeline Data Engineering featuring Said Montiel"
              />
              <div
                class="MuiCardContent-root"
              >
                <h2
                  class="MuiTypography-root MuiTypography-h5 MuiTypography-gutterBottom"
                >
                  Wizeline Data Engineering featuring Said Montiel
                </h2>
                <p
                  class="MuiTypography-root MuiTypography-body2 MuiTypography-colorTextSecondary"
                >
                  As a kid, Said enjoyed solving math problems a lot but never considered a career in math. After studying Actuarial Science and working on data science projects ...
                </p>
              </div>
              <span
                class="MuiCardActionArea-focusHighlight"
              />
              <span
                class="MuiTouchRipple-root"
              />
            </button>
          </div>
        </a>
      </div>
      <div
        class="sc-jSgupP dtZhcH"
      >
        <a
          class="sc-bdfBwQ lclvs"
          href="/videos/Po3VwR_NNGk"
        >
          <div
            class="MuiPaper-root MuiCard-root sc-gsTCUz dqPDNH MuiPaper-elevation1 MuiPaper-rounded"
          >
            <button
              class="MuiButtonBase-root MuiCardActionArea-root"
              tabindex="0"
              type="button"
            >
              <div
                alt-text="Wizeline hace sentir a empleados como en casa"
                class="MuiCardMedia-root sc-dlfnbm dXdMTU"
                style="background-image: url(https://i.ytimg.com/vi/Po3VwR_NNGk/hqdefault.jpg);"
                title="Wizeline hace sentir a empleados como en casa"
              />
              <div
                class="MuiCardContent-root"
              >
                <h2
                  class="MuiTypography-root MuiTypography-h5 MuiTypography-gutterBottom"
                >
                  Wizeline hace sentir a empleados como en casa
                </h2>
                <p
                  class="MuiTypography-root MuiTypography-body2 MuiTypography-colorTextSecondary"
                >
                  En el 2014, Bismarck fundó Wizeline, compañía tecnológica que trabaja con los corporativos ofreciendo una plataforma para que desarrollen software de forma ...
                </p>
              </div>
              <span
                class="MuiCardActionArea-focusHighlight"
              />
              <span
                class="MuiTouchRipple-root"
              />
            </button>
          </div>
        </a>
      </div>
      <div
        class="sc-jSgupP dtZhcH"
      >
        <a
          class="sc-bdfBwQ lclvs"
          href="/videos/Nss3EmTDD3s"
        >
          <div
            class="MuiPaper-root MuiCard-root sc-gsTCUz dqPDNH MuiPaper-elevation1 MuiPaper-rounded"
          >
            <button
              class="MuiButtonBase-root MuiCardActionArea-root"
              tabindex="0"
              type="button"
            >
              <div
                alt-text="Why Wizeline?"
                class="MuiCardMedia-root sc-dlfnbm dXdMTU"
                style="background-image: url(https://i.ytimg.com/vi/Nss3EmTDD3s/hqdefault.jpg);"
                title="Why Wizeline?"
              />
              <div
                class="MuiCardContent-root"
              >
                <h2
                  class="MuiTypography-root MuiTypography-h5 MuiTypography-gutterBottom"
                >
                  Why Wizeline?
                </h2>
                <p
                  class="MuiTypography-root MuiTypography-body2 MuiTypography-colorTextSecondary"
                >
                  Hear from our employees directly about what excites them about their roles here at Wizeline. Wizeline wants to hire the best and the brightest to accelerate their ...
                </p>
              </div>
              <span
                class="MuiCardActionArea-focusHighlight"
              />
              <span
                class="MuiTouchRipple-root"
              />
            </button>
          </div>
        </a>
      </div>
      <div
        class="sc-jSgupP dtZhcH"
      >
        <a
          class="sc-bdfBwQ lclvs"
          href="/videos/F6Krwu6lUc8"
        >
          <div
            class="MuiPaper-root MuiCard-root sc-gsTCUz dqPDNH MuiPaper-elevation1 MuiPaper-rounded"
          >
            <button
              class="MuiButtonBase-root MuiCardActionArea-root"
              tabindex="0"
              type="button"
            >
              <div
                alt-text="Miriam Godinez | Women in Leadership at Wizeline"
                class="MuiCardMedia-root sc-dlfnbm dXdMTU"
                style="background-image: url(https://i.ytimg.com/vi/F6Krwu6lUc8/hqdefault.jpg);"
                title="Miriam Godinez | Women in Leadership at Wizeline"
              />
              <div
                class="MuiCardContent-root"
              >
                <h2
                  class="MuiTypography-root MuiTypography-h5 MuiTypography-gutterBottom"
                >
                  Miriam Godinez | Women in Leadership at Wizeline
                </h2>
                <p
                  class="MuiTypography-root MuiTypography-body2 MuiTypography-colorTextSecondary"
                >
                  Science and technology always caught Miriam's attention. One of her ultimate goals as a Senior Engineer Manager and Lead from the Mobile Team at Wizeline ...
                </p>
              </div>
              <span
                class="MuiCardActionArea-focusHighlight"
              />
              <span
                class="MuiTouchRipple-root"
              />
            </button>
          </div>
        </a>
      </div>
      <div
        class="sc-jSgupP dtZhcH"
      >
        <a
          class="sc-bdfBwQ lclvs"
          href="/videos/8xCVIhEircY"
        >
          <div
            class="MuiPaper-root MuiCard-root sc-gsTCUz dqPDNH MuiPaper-elevation1 MuiPaper-rounded"
          >
            <button
              class="MuiButtonBase-root MuiCardActionArea-root"
              tabindex="0"
              type="button"
            >
              <div
                alt-text="Welcome to Wizeline"
                class="MuiCardMedia-root sc-dlfnbm dXdMTU"
                style="background-image: url(https://i.ytimg.com/vi/8xCVIhEircY/hqdefault.jpg);"
                title="Welcome to Wizeline"
              />
              <div
                class="MuiCardContent-root"
              >
                <h2
                  class="MuiTypography-root MuiTypography-h5 MuiTypography-gutterBottom"
                >
                  Welcome to Wizeline
                </h2>
                <p
                  class="MuiTypography-root MuiTypography-body2 MuiTypography-colorTextSecondary"
                >
                  Watch a quick overview of Wizeline's product management platform. Don't have an account? Sign up for free at wizeline.com.
                </p>
              </div>
              <span
                class="MuiCardActionArea-focusHighlight"
              />
              <span
                class="MuiTouchRipple-root"
              />
            </button>
          </div>
        </a>
      </div>
      <div
        class="sc-jSgupP dtZhcH"
      >
        <a
          class="sc-bdfBwQ lclvs"
          href="/videos/qMZKfR7lo-g"
        >
          <div
            class="MuiPaper-root MuiCard-root sc-gsTCUz dqPDNH MuiPaper-elevation1 MuiPaper-rounded"
          >
            <button
              class="MuiButtonBase-root MuiCardActionArea-root"
              tabindex="0"
              type="button"
            >
              <div
                alt-text="Wizeline Go-To-Market Strategy | Julián Limón, Director of Solutions"
                class="MuiCardMedia-root sc-dlfnbm dXdMTU"
                style="background-image: url(https://i.ytimg.com/vi/qMZKfR7lo-g/hqdefault.jpg);"
                title="Wizeline Go-To-Market Strategy | Julián Limón, Director of Solutions"
              />
              <div
                class="MuiCardContent-root"
              >
                <h2
                  class="MuiTypography-root MuiTypography-h5 MuiTypography-gutterBottom"
                >
                  Wizeline Go-To-Market Strategy | Julián Limón, Director of Solutions
                </h2>
                <p
                  class="MuiTypography-root MuiTypography-body2 MuiTypography-colorTextSecondary"
                >
                  Director of Solutions, Julián Limón, shares how Wizeline helps its clients design and build technology solutions to help them achieve their business goals.
                </p>
              </div>
              <span
                class="MuiCardActionArea-focusHighlight"
              />
              <span
                class="MuiTouchRipple-root"
              />
            </button>
          </div>
        </a>
      </div>
      <div
        class="sc-jSgupP dtZhcH"
      >
        <a
          class="sc-bdfBwQ lclvs"
          href="/videos/sTRabh7aVJY"
        >
          <div
            class="MuiPaper-root MuiCard-root sc-gsTCUz dqPDNH MuiPaper-elevation1 MuiPaper-rounded"
          >
            <button
              class="MuiButtonBase-root MuiCardActionArea-root"
              tabindex="0"
              type="button"
            >
              <div
                alt-text="Introducing the Alexa WizeBank by Wizeline"
                class="MuiCardMedia-root sc-dlfnbm dXdMTU"
                style="background-image: url(https://i.ytimg.com/vi/sTRabh7aVJY/hqdefault.jpg);"
                title="Introducing the Alexa WizeBank by Wizeline"
              />
              <div
                class="MuiCardContent-root"
              >
                <h2
                  class="MuiTypography-root MuiTypography-h5 MuiTypography-gutterBottom"
                >
                  Introducing the Alexa WizeBank by Wizeline
                </h2>
                <p
                  class="MuiTypography-root MuiTypography-body2 MuiTypography-colorTextSecondary"
                >
                  Introducing WizeBank, the latest Alexa skill from the Wizeline chatbots team. Interested in a demo? Contact us at https://www.wizeline.com/get-demo to schedule ...
                </p>
              </div>
              <span
                class="MuiCardActionArea-focusHighlight"
              />
              <span
                class="MuiTouchRipple-root"
              />
            </button>
          </div>
        </a>
      </div>
      <div
        class="sc-jSgupP dtZhcH"
      >
        <a
          class="sc-bdfBwQ lclvs"
          href="/videos/vDkN9S0Vkg8"
        >
          <div
            class="MuiPaper-root MuiCard-root sc-gsTCUz dqPDNH MuiPaper-elevation1 MuiPaper-rounded"
          >
            <button
              class="MuiButtonBase-root MuiCardActionArea-root"
              tabindex="0"
              type="button"
            >
              <div
                alt-text="Wizeline Data Engineering featuring Rodrigo Chaparro"
                class="MuiCardMedia-root sc-dlfnbm dXdMTU"
                style="background-image: url(https://i.ytimg.com/vi/vDkN9S0Vkg8/hqdefault.jpg);"
                title="Wizeline Data Engineering featuring Rodrigo Chaparro"
              />
              <div
                class="MuiCardContent-root"
              >
                <h2
                  class="MuiTypography-root MuiTypography-h5 MuiTypography-gutterBottom"
                >
                  Wizeline Data Engineering featuring Rodrigo Chaparro
                </h2>
                <p
                  class="MuiTypography-root MuiTypography-body2 MuiTypography-colorTextSecondary"
                >
                  Meet Rodrigo Chaparro, Senior Data Engineer, and learn what's it like to work with big data and infrastructure at Wizeline. Want to join our Data team? We're ...
                </p>
              </div>
              <span
                class="MuiCardActionArea-focusHighlight"
              />
              <span
                class="MuiTouchRipple-root"
              />
            </button>
          </div>
        </a>
      </div>
      <div
        class="sc-jSgupP dtZhcH"
      >
        <a
          class="sc-bdfBwQ lclvs"
          href="/videos/0qGd0F9eCMo"
        >
          <div
            class="MuiPaper-root MuiCard-root sc-gsTCUz dqPDNH MuiPaper-elevation1 MuiPaper-rounded"
          >
            <button
              class="MuiButtonBase-root MuiCardActionArea-root"
              tabindex="0"
              type="button"
            >
              <div
                alt-text="Elba Ornelas | Women in Leadership at Wizeline"
                class="MuiCardMedia-root sc-dlfnbm dXdMTU"
                style="background-image: url(https://i.ytimg.com/vi/0qGd0F9eCMo/hqdefault.jpg);"
                title="Elba Ornelas | Women in Leadership at Wizeline"
              />
              <div
                class="MuiCardContent-root"
              >
                <h2
                  class="MuiTypography-root MuiTypography-h5 MuiTypography-gutterBottom"
                >
                  Elba Ornelas | Women in Leadership at Wizeline
                </h2>
                <p
                  class="MuiTypography-root MuiTypography-body2 MuiTypography-colorTextSecondary"
                >
                  Elba dreamed of being an astronaut and race car driver as a kid. She learned industrial design and is now a celebrated UX designer, product owner, and leader ...
                </p>
              </div>
              <span
                class="MuiCardActionArea-focusHighlight"
              />
              <span
                class="MuiTouchRipple-root"
              />
            </button>
          </div>
        </a>
      </div>
      <div
        class="sc-jSgupP dtZhcH"
      >
        <a
          class="sc-bdfBwQ lclvs"
          href="/videos/IxGc1gSqB3A"
        >
          <div
            class="MuiPaper-root MuiCard-root sc-gsTCUz dqPDNH MuiPaper-elevation1 MuiPaper-rounded"
          >
            <button
              class="MuiButtonBase-root MuiCardActionArea-root"
              tabindex="0"
              type="button"
            >
              <div
                alt-text="Wizeline Data Engineering featuring Tania Reyes"
                class="MuiCardMedia-root sc-dlfnbm dXdMTU"
                style="background-image: url(https://i.ytimg.com/vi/IxGc1gSqB3A/hqdefault.jpg);"
                title="Wizeline Data Engineering featuring Tania Reyes"
              />
              <div
                class="MuiCardContent-root"
              >
                <h2
                  class="MuiTypography-root MuiTypography-h5 MuiTypography-gutterBottom"
                >
                  Wizeline Data Engineering featuring Tania Reyes
                </h2>
                <p
                  class="MuiTypography-root MuiTypography-body2 MuiTypography-colorTextSecondary"
                >
                  Tania discovered her interest in Big Data while working at Wizeline and took Wizeline Academy courses to skill up and join the data team. Now, she works on ...
                </p>
              </div>
              <span
                class="MuiCardActionArea-focusHighlight"
              />
              <span
                class="MuiTouchRipple-root"
              />
            </button>
          </div>
        </a>
      </div>
      <div
        class="sc-jSgupP dtZhcH"
      >
        <a
          class="sc-bdfBwQ lclvs"
          href="/videos/ZmkslANDz0Q"
        >
          <div
            class="MuiPaper-root MuiCard-root sc-gsTCUz dqPDNH MuiPaper-elevation1 MuiPaper-rounded"
          >
            <button
              class="MuiButtonBase-root MuiCardActionArea-root"
              tabindex="0"
              type="button"
            >
              <div
                alt-text="12 Wishes from Wizeline | Happy Holidays 2019"
                class="MuiCardMedia-root sc-dlfnbm dXdMTU"
                style="background-image: url(https://i.ytimg.com/vi/ZmkslANDz0Q/hqdefault.jpg);"
                title="12 Wishes from Wizeline | Happy Holidays 2019"
              />
              <div
                class="MuiCardContent-root"
              >
                <h2
                  class="MuiTypography-root MuiTypography-h5 MuiTypography-gutterBottom"
                >
                  12 Wishes from Wizeline | Happy Holidays 2019
                </h2>
                <p
                  class="MuiTypography-root MuiTypography-body2 MuiTypography-colorTextSecondary"
                />
              </div>
              <span
                class="MuiCardActionArea-focusHighlight"
              />
              <span
                class="MuiTouchRipple-root"
              />
            </button>
          </div>
        </a>
      </div>
      <div
        class="sc-jSgupP dtZhcH"
      >
        <a
          class="sc-bdfBwQ lclvs"
          href="/videos/KEtTSRaHnNc"
        >
          <div
            class="MuiPaper-root MuiCard-root sc-gsTCUz dqPDNH MuiPaper-elevation1 MuiPaper-rounded"
          >
            <button
              class="MuiButtonBase-root MuiCardActionArea-root"
              tabindex="0"
              type="button"
            >
              <div
                alt-text="Marsia Quiroz | Women in Leadership at Wizeline"
                class="MuiCardMedia-root sc-dlfnbm dXdMTU"
                style="background-image: url(https://i.ytimg.com/vi/KEtTSRaHnNc/hqdefault.jpg);"
                title="Marsia Quiroz | Women in Leadership at Wizeline"
              />
              <div
                class="MuiCardContent-root"
              >
                <h2
                  class="MuiTypography-root MuiTypography-h5 MuiTypography-gutterBottom"
                >
                  Marsia Quiroz | Women in Leadership at Wizeline
                </h2>
                <p
                  class="MuiTypography-root MuiTypography-body2 MuiTypography-colorTextSecondary"
                >
                  Ever since she was young, Marsia wanted to be an engineer. She's living her dream at Wizeline and wants other women and young girls to have the same ...
                </p>
              </div>
              <span
                class="MuiCardActionArea-focusHighlight"
              />
              <span
                class="MuiTouchRipple-root"
              />
            </button>
          </div>
        </a>
      </div>
      <div
        class="sc-jSgupP dtZhcH"
      >
        <a
          class="sc-bdfBwQ lclvs"
          href="/videos/ewdMCaaqV_o"
        >
          <div
            class="MuiPaper-root MuiCard-root sc-gsTCUz dqPDNH MuiPaper-elevation1 MuiPaper-rounded"
          >
            <button
              class="MuiButtonBase-root MuiCardActionArea-root"
              tabindex="0"
              type="button"
            >
              <div
                alt-text="Wizeline Go-To-Market Strategy | Erik Villa, Senior Staff Engineer &amp; Tech Lead"
                class="MuiCardMedia-root sc-dlfnbm dXdMTU"
                style="background-image: url(https://i.ytimg.com/vi/ewdMCaaqV_o/hqdefault.jpg);"
                title="Wizeline Go-To-Market Strategy | Erik Villa, Senior Staff Engineer &amp; Tech Lead"
              />
              <div
                class="MuiCardContent-root"
              >
                <h2
                  class="MuiTypography-root MuiTypography-h5 MuiTypography-gutterBottom"
                >
                  Wizeline Go-To-Market Strategy | Erik Villa, Senior Staff Engineer &amp; Tech Lead
                </h2>
                <p
                  class="MuiTypography-root MuiTypography-body2 MuiTypography-colorTextSecondary"
                >
                  Senior Staff Engineer, Erik Villa, shares Wizeline's approach to prototypes, proof-of-concept, and general go-to-market strategy for a client project. Watch this ...
                </p>
              </div>
              <span
                class="MuiCardActionArea-focusHighlight"
              />
              <span
                class="MuiTouchRipple-root"
              />
            </button>
          </div>
        </a>
      </div>
    </div>
  </div>,
  "debug": [Function],
  "findAllByAltText": [Function],
  "findAllByDisplayValue": [Function],
  "findAllByLabelText": [Function],
  "findAllByPlaceholderText": [Function],
  "findAllByRole": [Function],
  "findAllByTestId": [Function],
  "findAllByText": [Function],
  "findAllByTitle": [Function],
  "findByAltText": [Function],
  "findByDisplayValue": [Function],
  "findByLabelText": [Function],
  "findByPlaceholderText": [Function],
  "findByRole": [Function],
  "findByTestId": [Function],
  "findByText": [Function],
  "findByTitle": [Function],
  "getAllByAltText": [Function],
  "getAllByDisplayValue": [Function],
  "getAllByLabelText": [Function],
  "getAllByPlaceholderText": [Function],
  "getAllByRole": [Function],
  "getAllByTestId": [Function],
  "getAllByText": [Function],
  "getAllByTitle": [Function],
  "getByAltText": [Function],
  "getByDisplayValue": [Function],
  "getByLabelText": [Function],
  "getByPlaceholderText": [Function],
  "getByRole": [Function],
  "getByTestId": [Function],
  "getByText": [Function],
  "getByTitle": [Function],
  "queryAllByAltText": [Function],
  "queryAllByDisplayValue": [Function],
  "queryAllByLabelText": [Function],
  "queryAllByPlaceholderText": [Function],
  "queryAllByRole": [Function],
  "queryAllByTestId": [Function],
  "queryAllByText": [Function],
  "queryAllByTitle": [Function],
  "queryByAltText": [Function],
  "queryByDisplayValue": [Function],
  "queryByLabelText": [Function],
  "queryByPlaceholderText": [Function],
  "queryByRole": [Function],
  "queryByTestId": [Function],
  "queryByText": [Function],
  "queryByTitle": [Function],
  "rerender": [Function],
  "unmount": [Function],
}
`;
