// Jest Snapshot v1, https://goo.gl/fbAQLP

exports[`renders Card component 1`] = `
<a
  className="sc-bdfBwQ lclvs"
  href="/a"
  onClick={[Function]}
>
  <div
    className="MuiPaper-root MuiCard-root sc-gsTCUz dHYNWd MuiPaper-elevation1 MuiPaper-rounded"
  >
    <button
      className="MuiButtonBase-root MuiCardActionArea-root"
      disabled={false}
      onBlur={[Function]}
      onDragLeave={[Function]}
      onFocus={[Function]}
      onKeyDown={[Function]}
      onKeyUp={[Function]}
      onMouseDown={[Function]}
      onMouseLeave={[Function]}
      onMouseUp={[Function]}
      onTouchEnd={[Function]}
      onTouchMove={[Function]}
      onTouchStart={[Function]}
      tabIndex={0}
      type="button"
    >
      <div
        alt-text="title"
        className="MuiCardMedia-root sc-dlfnbm dXdMTU"
        style={
          Object {
            "backgroundImage": "url(\\"thumbnails\\")",
          }
        }
        title="title"
      />
      <div
        className="MuiCardContent-root"
      >
        <h2
          className="MuiTypography-root MuiTypography-h5 MuiTypography-gutterBottom"
        >
          title
        </h2>
        <p
          className="MuiTypography-root MuiTypography-body2 MuiTypography-colorTextSecondary"
        >
          description
        </p>
      </div>
      <span
        className="MuiCardActionArea-focusHighlight"
      />
    </button>
  </div>
</a>
`;
